typedef  struct __T1__ {int member_0;uintptr_t member_1;} const T1 ;
#define  x1 128
