struct __T0__ {int x;char * y;} a ;
struct __T1__ {char * x;double y;} b ;
