typedef  struct __set__ {unsigned int* vector;int size;} set ;
unsigned int INT_BITS ;
