int ENC_BLOCKSIZE ;
uintptr_t fread (uintptr_t,int) ;
