typedef  int T2 ;
typedef  int /*<<< orphan or scalar*/ T1 ;
