int BASE_TYPE ;
char* _ (char const*) ;
char* program_name ;
