typedef  struct option {char * member_0;char member_3;int /*<<< orphan or scalar*/* member_2;int /*<<< orphan or scalar*/ member_1;}  option ;
#define  no_argument 128
