typedef  struct T2 { int dummy;} T2 ;
typedef  struct T1 { int dummy;} T1 ;
uintptr_t g1 (struct T1*) ;
uintptr_t g2 (struct T2*) ;
struct T1 x1 ;
struct T2* x2 ;
