typedef  enum E { ____Placeholder } E ;
#define W 129
int X ;
#define Y 128
int Z ;
