
typedef  struct linebuffer {} const linebuffer ;
