typedef struct T {int dummy;} T;
typedef struct T Chain;
