typedef  struct __T__ {char * member_0;int /*<<< orphan or scalar*/* member_1;} T ;
