struct __T1__ { int v; };
struct __T0__ {struct __T1__** adj;}* G ;
int i ;
