typedef int /*<<< orphan or scalar*/ T2;
typedef double T1;
