typedef int /*<<< orphan or scalar*/ T2;
typedef void* T1;
