struct __T0__ {double x;} a ;
struct __T1__ {double y;}* b ;
struct __T2__ {char* z;int w;}* c ;
struct __T3__ {double val;struct __T3__ * next;}* d ;
