typedef  struct __Complex__ {float Re;float Im;}* Complex ;
