typedef  struct __link__ {uintptr_t item;struct __link__ * r;struct __link__ * l;}* link ;
typedef  uintptr_t Item ;
