typedef  struct __Graph__ {int V;int** adj;uintptr_t E;}* Graph ;
typedef  struct __Edge__ {int v;int w;} Edge ;
