typedef  struct __link__ {int index;int d;uintptr_t* r;uintptr_t* m;uintptr_t* l;}* link ;
uintptr_t N ;
uintptr_t* head ;
