typedef  double T ;
int g (double) ;
double h(int,char const*) ;
