typedef double T3;
typedef int /*<<< orphan or scalar*/ Foo;
