typedef  struct __point__ {float x;float y;} point ;
double distance (struct __point__ ,struct __point__ ) ;
