typedef  struct __link__ {struct __link__ * next;}* link ;