typedef  int /*<<< orphan or scalar*/ Complex ;
int /*<<< orphan or scalar*/ COMPLEXinit (double,double) ;
int /*<<< orphan or scalar*/ COMPLEXmult (int /*<<< orphan or scalar*/,int /*<<< orphan or scalar*/) ;
double Im (int /*<<< orphan or scalar*/) ;
double Re (int /*<<< orphan or scalar*/) ;
