typedef  uintptr_t Q ;
int M ;
uintptr_t QUEUEempty (uintptr_t) ;
int QUEUEget (uintptr_t) ;
uintptr_t QUEUEinit (int) ;
uintptr_t QUEUEput (uintptr_t,int) ;
