typedef  struct __link__ {struct __link__ * r;struct __link__ * l;}* link ;