typedef  struct __link__ {char item;struct __link__ * l;struct __link__ * r;}* link ;
