typedef  struct __link__ {double N;struct __link__ * l;struct __link__ * r;}* link ;
struct __link__ * z ;
