typedef  struct __Graph__ {int V;int** adj;int /*<<< orphan or scalar*/ E;}* Graph ;
typedef  struct __Edge__ {int v;int w;} Edge ;
struct __Edge__ EDGE (int,int) ;
int** MATRIXint (int,int,int /*<<< orphan or scalar*/) ;
