typedef  int /*<<< orphan or scalar*/ Graph ;
int /*<<< orphan or scalar*/ EDGE (int,int) ;
int /*<<< orphan or scalar*/ GRAPHinit (int) ;
int /*<<< orphan or scalar*/ GRAPHinsertE (int /*<<< orphan or scalar*/,int /*<<< orphan or scalar*/) ;
