typedef  struct __Graph__ {int V;int** adj;}* Graph ;
