typedef  int TUS ;
typedef  int TUL ;
typedef  int TUI ;
typedef  int TSIU ;
typedef  int TS ;
typedef  double TLD ;
typedef  int TL ;
typedef  int TIU ;
typedef  int TI ;

